src/app/actions/notifications.ts(25,5): error TS2554: Expected 2 arguments, but got 1.
src/app/actions/notifications.ts(33,5): error TS2554: Expected 2 arguments, but got 1.
src/app/actions/notifications.ts(52,5): error TS2554: Expected 2 arguments, but got 1.
